2026.06.29 14:32:20 INFO  Started: Metals version 1.6.7 in folders '/Users/chinhongnyheng/I3/Automated Testing/Lab09-2026' for client Visual Studio Code 1.125.1.
2026.06.29 14:32:20 INFO  Memory monitor started
2026.06.29 14:32:20 WARN  Using H2 2.4.240 which is newer than the version Flyway has been verified with. The latest verified version of H2 is 2.3.232.
2026.06.29 14:32:20 INFO  no build target found for /Users/chinhongnyheng/I3/Automated Testing/Lab09-2026/lab09/src/main/java/itc/ip/App.java. Using fallback presentation compiler.
Jun 29, 2026 2:32:21 PM org.eclipse.lsp4j.jsonrpc.RemoteEndpoint handleCancellation
WARNING: Unmatched cancel notification for request id 1
Jun 29, 2026 2:32:21 PM org.eclipse.lsp4j.jsonrpc.RemoteEndpoint handleCancellation
WARNING: Unmatched cancel notification for request id 2
2026.06.29 14:32:20 INFO  no build target found for /Users/chinhongnyheng/I3/Automated Testing/Lab09-2026/lab09/src/main/java/itc/ip/App.java. Using fallback presentation compiler.
Jun 29, 2026 2:32:21 PM org.eclipse.lsp4j.jsonrpc.RemoteEndpoint handleCancellation
WARNING: Unmatched cancel notification for request id 3
2026.06.29 14:32:21 INFO  no build target found for /Users/chinhongnyheng/I3/Automated Testing/Lab09-2026/lab09/src/main/java/itc/ip/App.java. Using fallback presentation compiler.
2026.06.29 14:32:21 INFO  no build target found for /Users/chinhongnyheng/I3/Automated Testing/Lab09-2026/lab09/src/main/java/itc/ip/App.java. Using fallback presentation compiler.
2026.06.29 14:32:21 INFO  no build target found for /Users/chinhongnyheng/I3/Automated Testing/Lab09-2026/lab09/src/test/java/itc/ip/AppTest.java. Using fallback presentation compiler.
2026.06.29 14:32:21 INFO  no build target found for /Users/chinhongnyheng/I3/Automated Testing/Lab09-2026/lab09/src/test/java/itc/ip/AppTest.java. Using fallback presentation compiler.
2026.06.29 14:32:21 INFO  no build target found for /Users/chinhongnyheng/I3/Automated Testing/Lab09-2026/lab09/src/test/java/itc/ip/AppTest.java. Using fallback presentation compiler.
2026.06.29 14:32:21 INFO  no build target found for /Users/chinhongnyheng/I3/Automated Testing/Lab09-2026/lab09/src/test/java/itc/ip/AppTest.java. Using fallback presentation compiler.
2026.06.29 14:32:59 INFO  no build target found for /Users/chinhongnyheng/I3/Automated Testing/Lab09-2026/lab09/src/test/java/itc/ip/AppTest.java. Using fallback presentation compiler.
2026.06.29 14:54:08 INFO  no build target found for /Users/chinhongnyheng/I3/Automated Testing/Lab09-2026/src/main/java/App.java. Using fallback presentation compiler.
2026.06.29 14:54:09 INFO  no build target found for /Users/chinhongnyheng/I3/Automated Testing/Lab09-2026/src/main/java/App.java. Using fallback presentation compiler.
2026.06.29 14:54:09 INFO  no build target found for /Users/chinhongnyheng/I3/Automated Testing/Lab09-2026/src/main/java/App.java. Using fallback presentation compiler.
2026.06.29 14:54:09 INFO  no build target found for /Users/chinhongnyheng/I3/Automated Testing/Lab09-2026/src/main/java/App.java. Using fallback presentation compiler.
2026.06.29 14:54:09 INFO  no build target found for /Users/chinhongnyheng/I3/Automated Testing/Lab09-2026/src/main/java/App.java. Using fallback presentation compiler.
2026.06.29 14:54:09 INFO  no build target found for /Users/chinhongnyheng/I3/Automated Testing/Lab09-2026/src/main/java/App.java. Using fallback presentation compiler.
2026.06.29 14:54:41 INFO  no build target found for /Users/chinhongnyheng/I3/Automated Testing/Lab09-2026/src/test/java/AppTest.java. Using fallback presentation compiler.
2026.06.29 14:54:41 INFO  no build target found for /Users/chinhongnyheng/I3/Automated Testing/Lab09-2026/src/test/java/AppTest.java. Using fallback presentation compiler.
2026.06.29 14:54:41 INFO  no build target found for /Users/chinhongnyheng/I3/Automated Testing/Lab09-2026/src/test/java/AppTest.java. Using fallback presentation compiler.
2026.06.29 14:54:41 INFO  no build target found for /Users/chinhongnyheng/I3/Automated Testing/Lab09-2026/src/test/java/AppTest.java. Using fallback presentation compiler.
2026.06.29 14:54:41 INFO  no build target found for /Users/chinhongnyheng/I3/Automated Testing/Lab09-2026/src/test/java/AppTest.java. Using fallback presentation compiler.
2026.06.29 14:54:43 INFO  no build target found for /Users/chinhongnyheng/I3/Automated Testing/Lab09-2026/src/test/java/AppTest.java. Using fallback presentation compiler.
2026.06.29 14:54:43 INFO  no build target found for /Users/chinhongnyheng/I3/Automated Testing/Lab09-2026/src/test/java/AppTest.java. Using fallback presentation compiler.
2026.06.29 14:54:46 INFO  no build target found for /Users/chinhongnyheng/I3/Automated Testing/Lab09-2026/src/test/java/AppTest.java. Using fallback presentation compiler.
2026.06.29 14:54:46 INFO  no build target found for /Users/chinhongnyheng/I3/Automated Testing/Lab09-2026/src/test/java/AppTest.java. Using fallback presentation compiler.
2026.06.29 14:54:46 INFO  no build target found for /Users/chinhongnyheng/I3/Automated Testing/Lab09-2026/src/test/java/AppTest.java. Using fallback presentation compiler.
2026.06.29 14:54:46 INFO  no build target found for /Users/chinhongnyheng/I3/Automated Testing/Lab09-2026/src/test/java/AppTest.java. Using fallback presentation compiler.
2026.06.29 14:54:46 INFO  no build target found for /Users/chinhongnyheng/I3/Automated Testing/Lab09-2026/src/test/java/AppTest.java. Using fallback presentation compiler.
2026.06.29 14:54:48 INFO  no build target found for /Users/chinhongnyheng/I3/Automated Testing/Lab09-2026/src/main/java/App.java. Using fallback presentation compiler.
2026.06.29 14:54:48 WARN  no build target for: /Users/chinhongnyheng/I3/Automated Testing/Lab09-2026/src/main/java/App.java
2026.06.29 14:54:48 INFO  no build target found for /Users/chinhongnyheng/I3/Automated Testing/Lab09-2026/src/main/java/App.java. Using fallback presentation compiler.
2026.06.29 14:54:48 INFO  no build target found for /Users/chinhongnyheng/I3/Automated Testing/Lab09-2026/src/main/java/App.java. Using fallback presentation compiler.
2026.06.29 14:54:48 INFO  no build target found for /Users/chinhongnyheng/I3/Automated Testing/Lab09-2026/src/main/java/App.java. Using fallback presentation compiler.
2026.06.29 14:54:48 INFO  no build target found for /Users/chinhongnyheng/I3/Automated Testing/Lab09-2026/src/main/java/App.java. Using fallback presentation compiler.
2026.06.29 14:54:48 INFO  no build target found for /Users/chinhongnyheng/I3/Automated Testing/Lab09-2026/src/main/java/App.java. Using fallback presentation compiler.
2026.06.29 14:54:48 INFO  no build target found for /Users/chinhongnyheng/I3/Automated Testing/Lab09-2026/src/main/java/App.java. Using fallback presentation compiler.
2026.06.29 14:54:51 INFO  no build target found for /Users/chinhongnyheng/I3/Automated Testing/Lab09-2026/src/main/java/App.java. Using fallback presentation compiler.
2026.06.29 14:54:51 INFO  no build target found for /Users/chinhongnyheng/I3/Automated Testing/Lab09-2026/src/main/java/App.java. Using fallback presentation compiler.
2026.06.29 14:54:51 INFO  no build target found for /Users/chinhongnyheng/I3/Automated Testing/Lab09-2026/src/main/java/App.java. Using fallback presentation compiler.
2026.06.29 14:54:51 INFO  no build target found for /Users/chinhongnyheng/I3/Automated Testing/Lab09-2026/src/main/java/App.java. Using fallback presentation compiler.
2026.06.29 14:54:52 WARN  no build target for: /Users/chinhongnyheng/I3/Automated Testing/Lab09-2026/src/main/java/App.java
2026.06.29 14:54:52 INFO  no build target found for /Users/chinhongnyheng/I3/Automated Testing/Lab09-2026/src/main/java/App.java. Using fallback presentation compiler.
2026.06.29 14:54:52 WARN  Running javac-semanticdb failed for file:///Users/chinhongnyheng/I3/Automated%20Testing/Lab09-2026/src/main/java/App.java. Output:

2026.06.29 14:54:54 INFO  no build target found for /Users/chinhongnyheng/I3/Automated Testing/Lab09-2026/src/test/java/AppTest.java. Using fallback presentation compiler.
2026.06.29 14:54:54 WARN  no build target for: /Users/chinhongnyheng/I3/Automated Testing/Lab09-2026/src/test/java/AppTest.java
2026.06.29 14:54:54 INFO  no build target found for /Users/chinhongnyheng/I3/Automated Testing/Lab09-2026/src/test/java/AppTest.java. Using fallback presentation compiler.
2026.06.29 14:54:54 WARN  no build target for: /Users/chinhongnyheng/I3/Automated Testing/Lab09-2026/src/test/java/AppTest.java
2026.06.29 14:54:54 INFO  no build target found for /Users/chinhongnyheng/I3/Automated Testing/Lab09-2026/src/test/java/AppTest.java. Using fallback presentation compiler.
2026.06.29 14:54:54 WARN  Running javac-semanticdb failed for file:///Users/chinhongnyheng/I3/Automated%20Testing/Lab09-2026/src/test/java/AppTest.java. Output:

2026.06.29 14:54:59 INFO  no build target found for /Users/chinhongnyheng/I3/Automated Testing/Lab09-2026/src/test/java/AppTest.java. Using fallback presentation compiler.
2026.06.29 14:54:59 INFO  no build target found for /Users/chinhongnyheng/I3/Automated Testing/Lab09-2026/src/test/java/AppTest.java. Using fallback presentation compiler.
2026.06.29 14:54:59 INFO  no build target found for /Users/chinhongnyheng/I3/Automated Testing/Lab09-2026/src/test/java/AppTest.java. Using fallback presentation compiler.
2026.06.29 14:54:59 INFO  no build target found for /Users/chinhongnyheng/I3/Automated Testing/Lab09-2026/src/test/java/AppTest.java. Using fallback presentation compiler.
2026.06.29 14:54:59 INFO  no build target found for /Users/chinhongnyheng/I3/Automated Testing/Lab09-2026/src/test/java/AppTest.java. Using fallback presentation compiler.
2026.06.29 14:54:59 INFO  no build target found for /Users/chinhongnyheng/I3/Automated Testing/Lab09-2026/src/test/java/AppTest.java. Using fallback presentation compiler.
2026.06.29 14:54:59 INFO  no build target found for /Users/chinhongnyheng/I3/Automated Testing/Lab09-2026/src/test/java/AppTest.java. Using fallback presentation compiler.
2026.06.29 14:54:59 INFO  no build target found for /Users/chinhongnyheng/I3/Automated Testing/Lab09-2026/src/test/java/AppTest.java. Using fallback presentation compiler.
2026.06.29 14:55:00 INFO  no build target found for /Users/chinhongnyheng/I3/Automated Testing/Lab09-2026/src/test/java/AppTest.java. Using fallback presentation compiler.
2026.06.29 14:54:59 INFO  no build target found for /Users/chinhongnyheng/I3/Automated Testing/Lab09-2026/src/test/java/AppTest.java. Using fallback presentation compiler.
2026.06.29 14:54:59 INFO  no build target found for /Users/chinhongnyheng/I3/Automated Testing/Lab09-2026/src/test/java/AppTest.java. Using fallback presentation compiler.
2026.06.29 14:55:00 INFO  no build target found for /Users/chinhongnyheng/I3/Automated Testing/Lab09-2026/src/test/java/AppTest.java. Using fallback presentation compiler.
2026.06.29 14:54:59 INFO  no build target found for /Users/chinhongnyheng/I3/Automated Testing/Lab09-2026/src/test/java/AppTest.java. Using fallback presentation compiler.
2026.06.29 14:55:00 INFO  no build target found for /Users/chinhongnyheng/I3/Automated Testing/Lab09-2026/src/test/java/AppTest.java. Using fallback presentation compiler.
2026.06.29 14:55:00 INFO  no build target found for /Users/chinhongnyheng/I3/Automated Testing/Lab09-2026/src/test/java/AppTest.java. Using fallback presentation compiler.
2026.06.29 14:55:00 INFO  no build target found for /Users/chinhongnyheng/I3/Automated Testing/Lab09-2026/src/test/java/AppTest.java. Using fallback presentation compiler.
2026.06.29 14:55:00 INFO  no build target found for /Users/chinhongnyheng/I3/Automated Testing/Lab09-2026/src/test/java/AppTest.java. Using fallback presentation compiler.
2026.06.29 14:55:00 INFO  no build target found for /Users/chinhongnyheng/I3/Automated Testing/Lab09-2026/src/test/java/AppTest.java. Using fallback presentation compiler.
2026.06.29 14:55:00 INFO  no build target found for /Users/chinhongnyheng/I3/Automated Testing/Lab09-2026/src/test/java/AppTest.java. Using fallback presentation compiler.
2026.06.29 14:55:00 INFO  no build target found for /Users/chinhongnyheng/I3/Automated Testing/Lab09-2026/src/test/java/AppTest.java. Using fallback presentation compiler.
2026.06.29 14:55:01 INFO  no build target found for /Users/chinhongnyheng/I3/Automated Testing/Lab09-2026/src/test/java/AppTest.java. Using fallback presentation compiler.
2026.06.29 14:55:01 INFO  no build target found for /Users/chinhongnyheng/I3/Automated Testing/Lab09-2026/src/test/java/AppTest.java. Using fallback presentation compiler.
2026.06.29 14:55:01 INFO  no build target found for /Users/chinhongnyheng/I3/Automated Testing/Lab09-2026/src/test/java/AppTest.java. Using fallback presentation compiler.
2026.06.29 14:55:01 INFO  no build target found for /Users/chinhongnyheng/I3/Automated Testing/Lab09-2026/src/test/java/AppTest.java. Using fallback presentation compiler.
2026.06.29 14:55:01 INFO  no build target found for /Users/chinhongnyheng/I3/Automated Testing/Lab09-2026/src/test/java/AppTest.java. Using fallback presentation compiler.
2026.06.29 14:55:01 INFO  no build target found for /Users/chinhongnyheng/I3/Automated Testing/Lab09-2026/src/test/java/AppTest.java. Using fallback presentation compiler.
2026.06.29 14:55:01 INFO  no build target found for /Users/chinhongnyheng/I3/Automated Testing/Lab09-2026/src/test/java/AppTest.java. Using fallback presentation compiler.
2026.06.29 14:55:02 INFO  no build target found for /Users/chinhongnyheng/I3/Automated Testing/Lab09-2026/src/test/java/AppTest.java. Using fallback presentation compiler.
2026.06.29 14:55:01 INFO  no build target found for /Users/chinhongnyheng/I3/Automated Testing/Lab09-2026/src/test/java/AppTest.java. Using fallback presentation compiler.
2026.06.29 14:55:01 INFO  no build target found for /Users/chinhongnyheng/I3/Automated Testing/Lab09-2026/src/test/java/AppTest.java. Using fallback presentation compiler.
2026.06.29 14:55:01 INFO  no build target found for /Users/chinhongnyheng/I3/Automated Testing/Lab09-2026/src/test/java/AppTest.java. Using fallback presentation compiler.
2026.06.29 14:55:02 INFO  no build target found for /Users/chinhongnyheng/I3/Automated Testing/Lab09-2026/src/test/java/AppTest.java. Using fallback presentation compiler.
2026.06.29 14:55:01 INFO  no build target found for /Users/chinhongnyheng/I3/Automated Testing/Lab09-2026/src/test/java/AppTest.java. Using fallback presentation compiler.
2026.06.29 14:55:01 INFO  no build target found for /Users/chinhongnyheng/I3/Automated Testing/Lab09-2026/src/test/java/AppTest.java. Using fallback presentation compiler.
2026.06.29 14:55:03 INFO  no build target found for /Users/chinhongnyheng/I3/Automated Testing/Lab09-2026/src/test/java/AppTest.java. Using fallback presentation compiler.
2026.06.29 14:55:03 INFO  no build target found for /Users/chinhongnyheng/I3/Automated Testing/Lab09-2026/src/test/java/AppTest.java. Using fallback presentation compiler.
2026.06.29 14:55:03 INFO  no build target found for /Users/chinhongnyheng/I3/Automated Testing/Lab09-2026/src/test/java/AppTest.java. Using fallback presentation compiler.
2026.06.29 14:55:03 INFO  no build target found for /Users/chinhongnyheng/I3/Automated Testing/Lab09-2026/src/test/java/AppTest.java. Using fallback presentation compiler.
2026.06.29 14:55:03 INFO  no build target found for /Users/chinhongnyheng/I3/Automated Testing/Lab09-2026/src/test/java/AppTest.java. Using fallback presentation compiler.
2026.06.29 14:55:04 INFO  no build target found for /Users/chinhongnyheng/I3/Automated Testing/Lab09-2026/src/test/java/AppTest.java. Using fallback presentation compiler.
2026.06.29 14:55:04 INFO  no build target found for /Users/chinhongnyheng/I3/Automated Testing/Lab09-2026/src/test/java/AppTest.java. Using fallback presentation compiler.
2026.06.29 14:55:04 INFO  no build target found for /Users/chinhongnyheng/I3/Automated Testing/Lab09-2026/src/test/java/AppTest.java. Using fallback presentation compiler.
2026.06.29 14:55:04 INFO  no build target found for /Users/chinhongnyheng/I3/Automated Testing/Lab09-2026/src/test/java/AppTest.java. Using fallback presentation compiler.
2026.06.29 14:55:04 INFO  no build target found for /Users/chinhongnyheng/I3/Automated Testing/Lab09-2026/src/test/java/AppTest.java. Using fallback presentation compiler.
2026.06.29 14:55:04 INFO  no build target found for /Users/chinhongnyheng/I3/Automated Testing/Lab09-2026/src/test/java/AppTest.java. Using fallback presentation compiler.
2026.06.29 14:55:04 INFO  no build target found for /Users/chinhongnyheng/I3/Automated Testing/Lab09-2026/src/test/java/AppTest.java. Using fallback presentation compiler.
2026.06.29 14:55:05 INFO  no build target found for /Users/chinhongnyheng/I3/Automated Testing/Lab09-2026/src/test/java/AppTest.java. Using fallback presentation compiler.
2026.06.29 14:55:05 INFO  no build target found for /Users/chinhongnyheng/I3/Automated Testing/Lab09-2026/src/test/java/AppTest.java. Using fallback presentation compiler.
2026.06.29 14:55:05 INFO  no build target found for /Users/chinhongnyheng/I3/Automated Testing/Lab09-2026/src/test/java/AppTest.java. Using fallback presentation compiler.
2026.06.29 14:55:05 INFO  no build target found for /Users/chinhongnyheng/I3/Automated Testing/Lab09-2026/src/test/java/AppTest.java. Using fallback presentation compiler.
2026.06.29 14:55:06 INFO  no build target found for /Users/chinhongnyheng/I3/Automated Testing/Lab09-2026/src/test/java/AppTest.java. Using fallback presentation compiler.
2026.06.29 14:55:06 INFO  no build target found for /Users/chinhongnyheng/I3/Automated Testing/Lab09-2026/src/test/java/AppTest.java. Using fallback presentation compiler.
2026.06.29 14:55:06 INFO  no build target found for /Users/chinhongnyheng/I3/Automated Testing/Lab09-2026/src/test/java/AppTest.java. Using fallback presentation compiler.
2026.06.29 14:55:06 INFO  no build target found for /Users/chinhongnyheng/I3/Automated Testing/Lab09-2026/src/test/java/AppTest.java. Using fallback presentation compiler.
2026.06.29 14:55:06 INFO  no build target found for /Users/chinhongnyheng/I3/Automated Testing/Lab09-2026/src/test/java/AppTest.java. Using fallback presentation compiler.
2026.06.29 14:55:08 INFO  no build target found for /Users/chinhongnyheng/I3/Automated Testing/Lab09-2026/src/test/java/AppTest.java. Using fallback presentation compiler.
2026.06.29 14:55:08 INFO  no build target found for /Users/chinhongnyheng/I3/Automated Testing/Lab09-2026/src/test/java/AppTest.java. Using fallback presentation compiler.
2026.06.29 14:55:08 INFO  no build target found for /Users/chinhongnyheng/I3/Automated Testing/Lab09-2026/src/test/java/AppTest.java. Using fallback presentation compiler.
2026.06.29 14:55:09 INFO  no build target found for /Users/chinhongnyheng/I3/Automated Testing/Lab09-2026/src/test/java/AppTest.java. Using fallback presentation compiler.
2026.06.29 14:55:09 INFO  no build target found for /Users/chinhongnyheng/I3/Automated Testing/Lab09-2026/src/test/java/AppTest.java. Using fallback presentation compiler.
2026.06.29 14:55:09 INFO  no build target found for /Users/chinhongnyheng/I3/Automated Testing/Lab09-2026/src/test/java/AppTest.java. Using fallback presentation compiler.
2026.06.29 14:55:09 INFO  no build target found for /Users/chinhongnyheng/I3/Automated Testing/Lab09-2026/src/test/java/AppTest.java. Using fallback presentation compiler.
2026.06.29 14:55:09 INFO  no build target found for /Users/chinhongnyheng/I3/Automated Testing/Lab09-2026/src/test/java/AppTest.java. Using fallback presentation compiler.
2026.06.29 14:55:09 INFO  no build target found for /Users/chinhongnyheng/I3/Automated Testing/Lab09-2026/src/test/java/AppTest.java. Using fallback presentation compiler.
2026.06.29 14:55:09 INFO  no build target found for /Users/chinhongnyheng/I3/Automated Testing/Lab09-2026/src/test/java/AppTest.java. Using fallback presentation compiler.
2026.06.29 14:55:10 INFO  no build target found for /Users/chinhongnyheng/I3/Automated Testing/Lab09-2026/src/test/java/AppTest.java. Using fallback presentation compiler.
2026.06.29 14:55:09 INFO  no build target found for /Users/chinhongnyheng/I3/Automated Testing/Lab09-2026/src/test/java/AppTest.java. Using fallback presentation compiler.
2026.06.29 14:55:10 INFO  no build target found for /Users/chinhongnyheng/I3/Automated Testing/Lab09-2026/src/test/java/AppTest.java. Using fallback presentation compiler.
2026.06.29 14:55:10 INFO  no build target found for /Users/chinhongnyheng/I3/Automated Testing/Lab09-2026/src/test/java/AppTest.java. Using fallback presentation compiler.
2026.06.29 14:55:10 INFO  no build target found for /Users/chinhongnyheng/I3/Automated Testing/Lab09-2026/src/test/java/AppTest.java. Using fallback presentation compiler.
2026.06.29 14:55:10 INFO  no build target found for /Users/chinhongnyheng/I3/Automated Testing/Lab09-2026/src/test/java/AppTest.java. Using fallback presentation compiler.
2026.06.29 14:55:10 INFO  no build target found for /Users/chinhongnyheng/I3/Automated Testing/Lab09-2026/src/test/java/AppTest.java. Using fallback presentation compiler.
2026.06.29 14:55:10 INFO  no build target found for /Users/chinhongnyheng/I3/Automated Testing/Lab09-2026/src/test/java/AppTest.java. Using fallback presentation compiler.
2026.06.29 14:55:10 INFO  no build target found for /Users/chinhongnyheng/I3/Automated Testing/Lab09-2026/src/test/java/AppTest.java. Using fallback presentation compiler.
2026.06.29 14:55:10 INFO  no build target found for /Users/chinhongnyheng/I3/Automated Testing/Lab09-2026/src/test/java/AppTest.java. Using fallback presentation compiler.
2026.06.29 14:55:11 INFO  no build target found for /Users/chinhongnyheng/I3/Automated Testing/Lab09-2026/src/test/java/AppTest.java. Using fallback presentation compiler.
2026.06.29 14:55:11 INFO  no build target found for /Users/chinhongnyheng/I3/Automated Testing/Lab09-2026/src/test/java/AppTest.java. Using fallback presentation compiler.
2026.06.29 14:55:11 INFO  no build target found for /Users/chinhongnyheng/I3/Automated Testing/Lab09-2026/src/test/java/AppTest.java. Using fallback presentation compiler.
2026.06.29 14:55:11 INFO  no build target found for /Users/chinhongnyheng/I3/Automated Testing/Lab09-2026/src/test/java/AppTest.java. Using fallback presentation compiler.
2026.06.29 14:55:11 INFO  no build target found for /Users/chinhongnyheng/I3/Automated Testing/Lab09-2026/src/test/java/AppTest.java. Using fallback presentation compiler.
2026.06.29 14:55:11 INFO  no build target found for /Users/chinhongnyheng/I3/Automated Testing/Lab09-2026/src/test/java/AppTest.java. Using fallback presentation compiler.
2026.06.29 14:55:12 INFO  no build target found for /Users/chinhongnyheng/I3/Automated Testing/Lab09-2026/src/test/java/AppTest.java. Using fallback presentation compiler.
2026.06.29 14:55:11 INFO  no build target found for /Users/chinhongnyheng/I3/Automated Testing/Lab09-2026/src/test/java/AppTest.java. Using fallback presentation compiler.
2026.06.29 14:55:11 INFO  no build target found for /Users/chinhongnyheng/I3/Automated Testing/Lab09-2026/src/test/java/AppTest.java. Using fallback presentation compiler.
2026.06.29 14:55:12 INFO  no build target found for /Users/chinhongnyheng/I3/Automated Testing/Lab09-2026/src/test/java/AppTest.java. Using fallback presentation compiler.
2026.06.29 14:55:12 INFO  no build target found for /Users/chinhongnyheng/I3/Automated Testing/Lab09-2026/src/test/java/AppTest.java. Using fallback presentation compiler.
2026.06.29 14:55:12 INFO  no build target found for /Users/chinhongnyheng/I3/Automated Testing/Lab09-2026/src/test/java/AppTest.java. Using fallback presentation compiler.
2026.06.29 14:55:12 INFO  no build target found for /Users/chinhongnyheng/I3/Automated Testing/Lab09-2026/src/test/java/AppTest.java. Using fallback presentation compiler.
2026.06.29 14:55:12 INFO  no build target found for /Users/chinhongnyheng/I3/Automated Testing/Lab09-2026/src/test/java/AppTest.java. Using fallback presentation compiler.
2026.06.29 14:55:13 INFO  no build target found for /Users/chinhongnyheng/I3/Automated Testing/Lab09-2026/src/test/java/AppTest.java. Using fallback presentation compiler.
2026.06.29 14:55:12 INFO  no build target found for /Users/chinhongnyheng/I3/Automated Testing/Lab09-2026/src/test/java/AppTest.java. Using fallback presentation compiler.
2026.06.29 14:55:12 INFO  no build target found for /Users/chinhongnyheng/I3/Automated Testing/Lab09-2026/src/test/java/AppTest.java. Using fallback presentation compiler.
2026.06.29 14:55:12 INFO  no build target found for /Users/chinhongnyheng/I3/Automated Testing/Lab09-2026/src/test/java/AppTest.java. Using fallback presentation compiler.
2026.06.29 14:55:12 INFO  no build target found for /Users/chinhongnyheng/I3/Automated Testing/Lab09-2026/src/test/java/AppTest.java. Using fallback presentation compiler.
2026.06.29 14:55:13 INFO  no build target found for /Users/chinhongnyheng/I3/Automated Testing/Lab09-2026/src/test/java/AppTest.java. Using fallback presentation compiler.
2026.06.29 14:55:12 INFO  no build target found for /Users/chinhongnyheng/I3/Automated Testing/Lab09-2026/src/test/java/AppTest.java. Using fallback presentation compiler.
2026.06.29 14:55:12 INFO  no build target found for /Users/chinhongnyheng/I3/Automated Testing/Lab09-2026/src/test/java/AppTest.java. Using fallback presentation compiler.
2026.06.29 14:55:13 INFO  no build target found for /Users/chinhongnyheng/I3/Automated Testing/Lab09-2026/src/test/java/AppTest.java. Using fallback presentation compiler.
2026.06.29 14:55:13 INFO  no build target found for /Users/chinhongnyheng/I3/Automated Testing/Lab09-2026/src/test/java/AppTest.java. Using fallback presentation compiler.
2026.06.29 14:55:13 INFO  no build target found for /Users/chinhongnyheng/I3/Automated Testing/Lab09-2026/src/test/java/AppTest.java. Using fallback presentation compiler.
2026.06.29 14:55:13 INFO  no build target found for /Users/chinhongnyheng/I3/Automated Testing/Lab09-2026/src/test/java/AppTest.java. Using fallback presentation compiler.
2026.06.29 14:55:13 INFO  no build target found for /Users/chinhongnyheng/I3/Automated Testing/Lab09-2026/src/test/java/AppTest.java. Using fallback presentation compiler.
2026.06.29 14:55:13 INFO  no build target found for /Users/chinhongnyheng/I3/Automated Testing/Lab09-2026/src/test/java/AppTest.java. Using fallback presentation compiler.
2026.06.29 14:55:13 INFO  no build target found for /Users/chinhongnyheng/I3/Automated Testing/Lab09-2026/src/test/java/AppTest.java. Using fallback presentation compiler.
2026.06.29 14:55:13 INFO  no build target found for /Users/chinhongnyheng/I3/Automated Testing/Lab09-2026/src/test/java/AppTest.java. Using fallback presentation compiler.
2026.06.29 14:55:13 INFO  no build target found for /Users/chinhongnyheng/I3/Automated Testing/Lab09-2026/src/test/java/AppTest.java. Using fallback presentation compiler.
2026.06.29 14:55:14 INFO  no build target found for /Users/chinhongnyheng/I3/Automated Testing/Lab09-2026/src/test/java/AppTest.java. Using fallback presentation compiler.
2026.06.29 14:55:13 INFO  no build target found for /Users/chinhongnyheng/I3/Automated Testing/Lab09-2026/src/test/java/AppTest.java. Using fallback presentation compiler.
2026.06.29 14:55:13 INFO  no build target found for /Users/chinhongnyheng/I3/Automated Testing/Lab09-2026/src/test/java/AppTest.java. Using fallback presentation compiler.
2026.06.29 14:55:14 INFO  no build target found for /Users/chinhongnyheng/I3/Automated Testing/Lab09-2026/src/test/java/AppTest.java. Using fallback presentation compiler.
2026.06.29 14:55:14 INFO  no build target found for /Users/chinhongnyheng/I3/Automated Testing/Lab09-2026/src/test/java/AppTest.java. Using fallback presentation compiler.
2026.06.29 14:55:15 INFO  no build target found for /Users/chinhongnyheng/I3/Automated Testing/Lab09-2026/src/test/java/AppTest.java. Using fallback presentation compiler.
2026.06.29 14:55:14 INFO  no build target found for /Users/chinhongnyheng/I3/Automated Testing/Lab09-2026/src/test/java/AppTest.java. Using fallback presentation compiler.
2026.06.29 14:55:14 INFO  no build target found for /Users/chinhongnyheng/I3/Automated Testing/Lab09-2026/src/test/java/AppTest.java. Using fallback presentation compiler.
2026.06.29 14:55:16 INFO  no build target found for /Users/chinhongnyheng/I3/Automated Testing/Lab09-2026/src/test/java/AppTest.java. Using fallback presentation compiler.
2026.06.29 14:55:16 INFO  no build target found for /Users/chinhongnyheng/I3/Automated Testing/Lab09-2026/src/test/java/AppTest.java. Using fallback presentation compiler.
2026.06.29 14:55:17 INFO  no build target found for /Users/chinhongnyheng/I3/Automated Testing/Lab09-2026/src/test/java/AppTest.java. Using fallback presentation compiler.
2026.06.29 14:55:16 INFO  no build target found for /Users/chinhongnyheng/I3/Automated Testing/Lab09-2026/src/test/java/AppTest.java. Using fallback presentation compiler.
2026.06.29 14:55:17 INFO  no build target found for /Users/chinhongnyheng/I3/Automated Testing/Lab09-2026/src/test/java/AppTest.java. Using fallback presentation compiler.
2026.06.29 14:55:17 INFO  no build target found for /Users/chinhongnyheng/I3/Automated Testing/Lab09-2026/src/test/java/AppTest.java. Using fallback presentation compiler.
2026.06.29 14:55:17 INFO  no build target found for /Users/chinhongnyheng/I3/Automated Testing/Lab09-2026/src/test/java/AppTest.java. Using fallback presentation compiler.
2026.06.29 14:55:17 INFO  no build target found for /Users/chinhongnyheng/I3/Automated Testing/Lab09-2026/src/test/java/AppTest.java. Using fallback presentation compiler.
2026.06.29 14:55:17 INFO  no build target found for /Users/chinhongnyheng/I3/Automated Testing/Lab09-2026/src/test/java/AppTest.java. Using fallback presentation compiler.
2026.06.29 14:55:17 INFO  no build target found for /Users/chinhongnyheng/I3/Automated Testing/Lab09-2026/src/test/java/AppTest.java. Using fallback presentation compiler.
2026.06.29 14:55:18 INFO  no build target found for /Users/chinhongnyheng/I3/Automated Testing/Lab09-2026/src/test/java/AppTest.java. Using fallback presentation compiler.
2026.06.29 14:55:19 INFO  no build target found for /Users/chinhongnyheng/I3/Automated Testing/Lab09-2026/src/test/java/AppTest.java. Using fallback presentation compiler.
2026.06.29 14:55:19 INFO  no build target found for /Users/chinhongnyheng/I3/Automated Testing/Lab09-2026/src/test/java/AppTest.java. Using fallback presentation compiler.
2026.06.29 14:55:19 INFO  no build target found for /Users/chinhongnyheng/I3/Automated Testing/Lab09-2026/src/test/java/AppTest.java. Using fallback presentation compiler.
2026.06.29 14:55:19 INFO  no build target found for /Users/chinhongnyheng/I3/Automated Testing/Lab09-2026/src/test/java/AppTest.java. Using fallback presentation compiler.
2026.06.29 14:55:20 INFO  no build target found for /Users/chinhongnyheng/I3/Automated Testing/Lab09-2026/src/test/java/AppTest.java. Using fallback presentation compiler.
2026.06.29 14:55:20 INFO  no build target found for /Users/chinhongnyheng/I3/Automated Testing/Lab09-2026/src/test/java/AppTest.java. Using fallback presentation compiler.
2026.06.29 14:55:20 INFO  no build target found for /Users/chinhongnyheng/I3/Automated Testing/Lab09-2026/src/test/java/AppTest.java. Using fallback presentation compiler.
2026.06.29 14:55:21 INFO  no build target found for /Users/chinhongnyheng/I3/Automated Testing/Lab09-2026/src/test/java/AppTest.java. Using fallback presentation compiler.
2026.06.29 14:55:20 INFO  no build target found for /Users/chinhongnyheng/I3/Automated Testing/Lab09-2026/src/test/java/AppTest.java. Using fallback presentation compiler.
2026.06.29 14:55:21 INFO  no build target found for /Users/chinhongnyheng/I3/Automated Testing/Lab09-2026/src/test/java/AppTest.java. Using fallback presentation compiler.
2026.06.29 14:55:20 INFO  no build target found for /Users/chinhongnyheng/I3/Automated Testing/Lab09-2026/src/test/java/AppTest.java. Using fallback presentation compiler.
2026.06.29 14:55:20 INFO  no build target found for /Users/chinhongnyheng/I3/Automated Testing/Lab09-2026/src/test/java/AppTest.java. Using fallback presentation compiler.
2026.06.29 14:55:21 INFO  no build target found for /Users/chinhongnyheng/I3/Automated Testing/Lab09-2026/src/test/java/AppTest.java. Using fallback presentation compiler.
2026.06.29 14:55:22 INFO  no build target found for /Users/chinhongnyheng/I3/Automated Testing/Lab09-2026/src/test/java/AppTest.java. Using fallback presentation compiler.
2026.06.29 14:55:22 INFO  no build target found for /Users/chinhongnyheng/I3/Automated Testing/Lab09-2026/src/test/java/AppTest.java. Using fallback presentation compiler.
2026.06.29 14:55:22 INFO  no build target found for /Users/chinhongnyheng/I3/Automated Testing/Lab09-2026/src/test/java/AppTest.java. Using fallback presentation compiler.
2026.06.29 14:55:22 INFO  no build target found for /Users/chinhongnyheng/I3/Automated Testing/Lab09-2026/src/test/java/AppTest.java. Using fallback presentation compiler.
2026.06.29 14:55:23 INFO  no build target found for /Users/chinhongnyheng/I3/Automated Testing/Lab09-2026/src/test/java/AppTest.java. Using fallback presentation compiler.
2026.06.29 14:55:23 INFO  no build target found for /Users/chinhongnyheng/I3/Automated Testing/Lab09-2026/src/test/java/AppTest.java. Using fallback presentation compiler.
2026.06.29 14:55:23 INFO  no build target found for /Users/chinhongnyheng/I3/Automated Testing/Lab09-2026/src/test/java/AppTest.java. Using fallback presentation compiler.
2026.06.29 14:55:24 INFO  no build target found for /Users/chinhongnyheng/I3/Automated Testing/Lab09-2026/src/test/java/AppTest.java. Using fallback presentation compiler.
2026.06.29 14:55:23 INFO  no build target found for /Users/chinhongnyheng/I3/Automated Testing/Lab09-2026/src/test/java/AppTest.java. Using fallback presentation compiler.
2026.06.29 14:55:26 WARN  no build target for: /Users/chinhongnyheng/I3/Automated Testing/Lab09-2026/src/test/java/AppTest.java
2026.06.29 14:55:26 INFO  no build target found for /Users/chinhongnyheng/I3/Automated Testing/Lab09-2026/src/test/java/AppTest.java. Using fallback presentation compiler.
2026.06.29 14:55:26 WARN  Running javac-semanticdb failed for file:///Users/chinhongnyheng/I3/Automated%20Testing/Lab09-2026/src/test/java/AppTest.java. Output:

2026.06.29 14:55:26 INFO  no build target found for /Users/chinhongnyheng/I3/Automated Testing/Lab09-2026/src/test/java/AppTest.java. Using fallback presentation compiler.
2026.06.29 14:55:26 INFO  no build target found for /Users/chinhongnyheng/I3/Automated Testing/Lab09-2026/src/test/java/AppTest.java. Using fallback presentation compiler.
2026.06.29 14:55:26 INFO  no build target found for /Users/chinhongnyheng/I3/Automated Testing/Lab09-2026/src/test/java/AppTest.java. Using fallback presentation compiler.
2026.06.29 14:55:27 INFO  no build target found for /Users/chinhongnyheng/I3/Automated Testing/Lab09-2026/src/test/java/AppTest.java. Using fallback presentation compiler.
2026.06.29 14:55:27 INFO  no build target found for /Users/chinhongnyheng/I3/Automated Testing/Lab09-2026/src/test/java/AppTest.java. Using fallback presentation compiler.
2026.06.29 14:55:27 INFO  no build target found for /Users/chinhongnyheng/I3/Automated Testing/Lab09-2026/src/test/java/AppTest.java. Using fallback presentation compiler.
2026.06.29 14:55:27 INFO  no build target found for /Users/chinhongnyheng/I3/Automated Testing/Lab09-2026/src/test/java/AppTest.java. Using fallback presentation compiler.
2026.06.29 14:55:29 INFO  no build target found for /Users/chinhongnyheng/I3/Automated Testing/Lab09-2026/src/test/java/AppTest.java. Using fallback presentation compiler.
2026.06.29 14:55:29 INFO  no build target found for /Users/chinhongnyheng/I3/Automated Testing/Lab09-2026/src/test/java/AppTest.java. Using fallback presentation compiler.
2026.06.29 14:55:29 INFO  no build target found for /Users/chinhongnyheng/I3/Automated Testing/Lab09-2026/src/test/java/AppTest.java. Using fallback presentation compiler.
2026.06.29 14:55:29 INFO  no build target found for /Users/chinhongnyheng/I3/Automated Testing/Lab09-2026/src/test/java/AppTest.java. Using fallback presentation compiler.
2026.06.29 14:55:29 INFO  no build target found for /Users/chinhongnyheng/I3/Automated Testing/Lab09-2026/src/test/java/AppTest.java. Using fallback presentation compiler.
2026.06.29 14:55:29 INFO  no build target found for /Users/chinhongnyheng/I3/Automated Testing/Lab09-2026/src/test/java/AppTest.java. Using fallback presentation compiler.
2026.06.29 14:55:29 INFO  no build target found for /Users/chinhongnyheng/I3/Automated Testing/Lab09-2026/src/test/java/AppTest.java. Using fallback presentation compiler.
2026.06.29 14:55:29 INFO  no build target found for /Users/chinhongnyheng/I3/Automated Testing/Lab09-2026/src/test/java/AppTest.java. Using fallback presentation compiler.
2026.06.29 14:55:29 INFO  no build target found for /Users/chinhongnyheng/I3/Automated Testing/Lab09-2026/src/test/java/AppTest.java. Using fallback presentation compiler.
2026.06.29 14:55:30 INFO  no build target found for /Users/chinhongnyheng/I3/Automated Testing/Lab09-2026/src/test/java/AppTest.java. Using fallback presentation compiler.
2026.06.29 14:55:30 INFO  no build target found for /Users/chinhongnyheng/I3/Automated Testing/Lab09-2026/src/test/java/AppTest.java. Using fallback presentation compiler.
2026.06.29 14:55:30 INFO  no build target found for /Users/chinhongnyheng/I3/Automated Testing/Lab09-2026/src/test/java/AppTest.java. Using fallback presentation compiler.
2026.06.29 14:55:30 INFO  no build target found for /Users/chinhongnyheng/I3/Automated Testing/Lab09-2026/src/test/java/AppTest.java. Using fallback presentation compiler.
2026.06.29 14:55:34 INFO  no build target found for /Users/chinhongnyheng/I3/Automated Testing/Lab09-2026/src/test/java/AppTest.java. Using fallback presentation compiler.
2026.06.29 14:55:34 INFO  no build target found for /Users/chinhongnyheng/I3/Automated Testing/Lab09-2026/src/test/java/AppTest.java. Using fallback presentation compiler.
2026.06.29 14:55:34 INFO  no build target found for /Users/chinhongnyheng/I3/Automated Testing/Lab09-2026/src/test/java/AppTest.java. Using fallback presentation compiler.
2026.06.29 14:55:35 INFO  no build target found for /Users/chinhongnyheng/I3/Automated Testing/Lab09-2026/src/test/java/AppTest.java. Using fallback presentation compiler.
2026.06.29 14:55:35 INFO  no build target found for /Users/chinhongnyheng/I3/Automated Testing/Lab09-2026/src/test/java/AppTest.java. Using fallback presentation compiler.
2026.06.29 14:55:35 INFO  no build target found for /Users/chinhongnyheng/I3/Automated Testing/Lab09-2026/src/test/java/AppTest.java. Using fallback presentation compiler.
2026.06.29 14:55:36 INFO  no build target found for /Users/chinhongnyheng/I3/Automated Testing/Lab09-2026/src/test/java/AppTest.java. Using fallback presentation compiler.
2026.06.29 14:55:35 INFO  no build target found for /Users/chinhongnyheng/I3/Automated Testing/Lab09-2026/src/test/java/AppTest.java. Using fallback presentation compiler.
2026.06.29 14:55:35 INFO  no build target found for /Users/chinhongnyheng/I3/Automated Testing/Lab09-2026/src/test/java/AppTest.java. Using fallback presentation compiler.
2026.06.29 14:55:36 INFO  no build target found for /Users/chinhongnyheng/I3/Automated Testing/Lab09-2026/src/test/java/AppTest.java. Using fallback presentation compiler.
2026.06.29 14:55:37 INFO  no build target found for /Users/chinhongnyheng/I3/Automated Testing/Lab09-2026/src/test/java/AppTest.java. Using fallback presentation compiler.
2026.06.29 14:55:37 INFO  no build target found for /Users/chinhongnyheng/I3/Automated Testing/Lab09-2026/src/test/java/AppTest.java. Using fallback presentation compiler.
2026.06.29 14:55:37 INFO  no build target found for /Users/chinhongnyheng/I3/Automated Testing/Lab09-2026/src/test/java/AppTest.java. Using fallback presentation compiler.
2026.06.29 14:55:37 INFO  no build target found for /Users/chinhongnyheng/I3/Automated Testing/Lab09-2026/src/test/java/AppTest.java. Using fallback presentation compiler.
2026.06.29 14:55:37 INFO  no build target found for /Users/chinhongnyheng/I3/Automated Testing/Lab09-2026/src/test/java/AppTest.java. Using fallback presentation compiler.
2026.06.29 14:55:38 INFO  no build target found for /Users/chinhongnyheng/I3/Automated Testing/Lab09-2026/src/test/java/AppTest.java. Using fallback presentation compiler.
2026.06.29 14:56:00 INFO  no build target found for /Users/chinhongnyheng/I3/Automated Testing/Lab09-2026/src/test/java/AppTest.java. Using fallback presentation compiler.
2026.06.29 14:56:00 WARN  no build target for: /Users/chinhongnyheng/I3/Automated Testing/Lab09-2026/src/test/java/AppTest.java
2026.06.29 14:56:00 INFO  no build target found for /Users/chinhongnyheng/I3/Automated Testing/Lab09-2026/src/test/java/AppTest.java. Using fallback presentation compiler.
2026.06.29 14:56:00 INFO  no build target found for /Users/chinhongnyheng/I3/Automated Testing/Lab09-2026/src/test/java/AppTest.java. Using fallback presentation compiler.
2026.06.29 14:56:01 INFO  no build target found for /Users/chinhongnyheng/I3/Automated Testing/Lab09-2026/src/test/java/AppTest.java. Using fallback presentation compiler.
2026.06.29 14:56:38 INFO  no build target found for /Users/chinhongnyheng/I3/Automated Testing/Lab09-2026/src/test/java/AppTest.java. Using fallback presentation compiler.
2026.06.29 14:56:38 INFO  no build target found for /Users/chinhongnyheng/I3/Automated Testing/Lab09-2026/src/test/java/AppTest.java. Using fallback presentation compiler.
2026.06.29 14:56:38 INFO  no build target found for /Users/chinhongnyheng/I3/Automated Testing/Lab09-2026/src/test/java/AppTest.java. Using fallback presentation compiler.
2026.06.29 14:56:38 INFO  no build target found for /Users/chinhongnyheng/I3/Automated Testing/Lab09-2026/src/test/java/AppTest.java. Using fallback presentation compiler.
2026.06.29 14:56:38 INFO  no build target found for /Users/chinhongnyheng/I3/Automated Testing/Lab09-2026/src/test/java/AppTest.java. Using fallback presentation compiler.
2026.06.29 14:56:38 INFO  no build target found for /Users/chinhongnyheng/I3/Automated Testing/Lab09-2026/src/test/java/AppTest.java. Using fallback presentation compiler.
2026.06.29 14:56:38 WARN  no build target for: /Users/chinhongnyheng/I3/Automated Testing/Lab09-2026/src/test/java/AppTest.java
2026.06.29 14:56:38 INFO  no build target found for /Users/chinhongnyheng/I3/Automated Testing/Lab09-2026/src/test/java/AppTest.java. Using fallback presentation compiler.
2026.06.29 14:56:38 WARN  Running javac-semanticdb failed for file:///Users/chinhongnyheng/I3/Automated%20Testing/Lab09-2026/src/test/java/AppTest.java. Output:

2026.06.29 14:56:39 INFO  no build target found for /Users/chinhongnyheng/I3/Automated Testing/Lab09-2026/src/test/java/AppTest.java. Using fallback presentation compiler.
2026.06.29 14:56:40 INFO  no build target found for /Users/chinhongnyheng/I3/Automated Testing/Lab09-2026/src/test/java/AppTest.java. Using fallback presentation compiler.
2026.06.29 14:56:41 INFO  no build target found for /Users/chinhongnyheng/I3/Automated Testing/Lab09-2026/src/test/java/AppTest.java. Using fallback presentation compiler.
2026.06.29 14:56:41 INFO  no build target found for /Users/chinhongnyheng/I3/Automated Testing/Lab09-2026/src/test/java/AppTest.java. Using fallback presentation compiler.
2026.06.29 14:56:43 INFO  no build target found for /Users/chinhongnyheng/I3/Automated Testing/Lab09-2026/src/test/java/AppTest.java. Using fallback presentation compiler.
2026.06.29 14:56:43 INFO  no build target found for /Users/chinhongnyheng/I3/Automated Testing/Lab09-2026/src/test/java/AppTest.java. Using fallback presentation compiler.
2026.06.29 14:56:44 INFO  no build target found for /Users/chinhongnyheng/I3/Automated Testing/Lab09-2026/src/test/java/AppTest.java. Using fallback presentation compiler.
2026.06.29 14:56:43 INFO  no build target found for /Users/chinhongnyheng/I3/Automated Testing/Lab09-2026/src/test/java/AppTest.java. Using fallback presentation compiler.
2026.06.29 14:56:44 INFO  no build target found for /Users/chinhongnyheng/I3/Automated Testing/Lab09-2026/src/test/java/AppTest.java. Using fallback presentation compiler.
2026.06.29 14:56:45 WARN  no build target for: /Users/chinhongnyheng/I3/Automated Testing/Lab09-2026/src/test/java/AppTest.java
2026.06.29 14:56:45 INFO  no build target found for /Users/chinhongnyheng/I3/Automated Testing/Lab09-2026/src/test/java/AppTest.java. Using fallback presentation compiler.
2026.06.29 14:56:44 WARN  Running javac-semanticdb failed for file:///Users/chinhongnyheng/I3/Automated%20Testing/Lab09-2026/src/test/java/AppTest.java. Output:

2026.06.29 14:56:46 INFO  no build target found for /Users/chinhongnyheng/I3/Automated Testing/Lab09-2026/src/main/java/App.java. Using fallback presentation compiler.
2026.06.29 14:56:46 WARN  no build target for: /Users/chinhongnyheng/I3/Automated Testing/Lab09-2026/src/main/java/App.java
2026.06.29 14:56:46 INFO  no build target found for /Users/chinhongnyheng/I3/Automated Testing/Lab09-2026/src/main/java/App.java. Using fallback presentation compiler.
2026.06.29 14:56:47 INFO  no build target found for /Users/chinhongnyheng/I3/Automated Testing/Lab09-2026/src/test/java/AppTest.java. Using fallback presentation compiler.
2026.06.29 14:56:47 WARN  no build target for: /Users/chinhongnyheng/I3/Automated Testing/Lab09-2026/src/test/java/AppTest.java
2026.06.29 14:56:47 INFO  no build target found for /Users/chinhongnyheng/I3/Automated Testing/Lab09-2026/src/test/java/AppTest.java. Using fallback presentation compiler.
2026.06.29 14:56:47 INFO  no build target found for /Users/chinhongnyheng/I3/Automated Testing/Lab09-2026/src/test/java/AppTest.java. Using fallback presentation compiler.
2026.06.29 14:56:47 INFO  no build target found for /Users/chinhongnyheng/I3/Automated Testing/Lab09-2026/src/test/java/AppTest.java. Using fallback presentation compiler.
2026.06.29 14:56:47 INFO  no build target found for /Users/chinhongnyheng/I3/Automated Testing/Lab09-2026/src/test/java/AppTest.java. Using fallback presentation compiler.
2026.06.29 14:56:47 INFO  no build target found for /Users/chinhongnyheng/I3/Automated Testing/Lab09-2026/src/test/java/AppTest.java. Using fallback presentation compiler.
2026.06.29 14:56:48 INFO  no build target found for /Users/chinhongnyheng/I3/Automated Testing/Lab09-2026/src/test/java/AppTest.java. Using fallback presentation compiler.
2026.06.29 14:56:47 INFO  no build target found for /Users/chinhongnyheng/I3/Automated Testing/Lab09-2026/src/test/java/AppTest.java. Using fallback presentation compiler.
2026.06.29 14:56:47 WARN  no build target for: /Users/chinhongnyheng/I3/Automated Testing/Lab09-2026/src/test/java/AppTest.java
2026.06.29 14:56:48 INFO  no build target found for /Users/chinhongnyheng/I3/Automated Testing/Lab09-2026/src/test/java/AppTest.java. Using fallback presentation compiler.
2026.06.29 14:56:50 INFO  no build target found for /Users/chinhongnyheng/I3/Automated Testing/Lab09-2026/src/main/java/App.java. Using fallback presentation compiler.
2026.06.29 14:56:50 WARN  no build target for: /Users/chinhongnyheng/I3/Automated Testing/Lab09-2026/src/main/java/App.java
2026.06.29 14:56:50 INFO  no build target found for /Users/chinhongnyheng/I3/Automated Testing/Lab09-2026/src/main/java/App.java. Using fallback presentation compiler.
